Archive member included to satisfy reference by file (symbol)

../../../../../libopencm3//lib\libopencm3_stm32l4.a(vector.o)
                              (reset_handler)

Discarded input sections

 .group         0x00000000        0xc basics.o
 .group         0x00000000        0xc basics.o
 .group         0x00000000        0xc basics.o
 .group         0x00000000        0xc basics.o
 .group         0x00000000        0xc basics.o
 .group         0x00000000        0xc basics.o
 .group         0x00000000        0xc basics.o
 .group         0x00000000        0xc basics.o
 .group         0x00000000        0xc basics.o
 .group         0x00000000        0xc basics.o
 .group         0x00000000        0xc basics.o
 .group         0x00000000        0xc basics.o
 .group         0x00000000        0xc basics.o
 .group         0x00000000        0xc basics.o
 .group         0x00000000        0xc basics.o
 .group         0x00000000        0xc basics.o
 .group         0x00000000        0xc basics.o
 .group         0x00000000        0xc basics.o
 .group         0x00000000        0xc basics.o
 .group         0x00000000        0xc basics.o
 .group         0x00000000        0xc basics.o
 .group         0x00000000        0xc basics.o
 .group         0x00000000        0xc basics.o
 .group         0x00000000        0xc basics.o
 .group         0x00000000        0xc basics.o
 .group         0x00000000        0xc basics.o
 .group         0x00000000        0xc basics.o
 .group         0x00000000        0xc basics.o
 .group         0x00000000        0xc basics.o
 .group         0x00000000        0xc basics.o
 .group         0x00000000        0xc basics.o
 .group         0x00000000        0xc basics.o
 .group         0x00000000        0xc basics.o
 .group         0x00000000        0xc basics.o
 .group         0x00000000        0xc basics.o
 .group         0x00000000        0xc basics.o
 .text          0x00000000        0x0 basics.o
 .data          0x00000000        0x0 basics.o
 .bss           0x00000000        0x0 basics.o
 .group         0x00000000        0xc ../../../../../libopencm3//lib\libopencm3_stm32l4.a(vector.o)
 .group         0x00000000        0xc ../../../../../libopencm3//lib\libopencm3_stm32l4.a(vector.o)
 .group         0x00000000        0xc ../../../../../libopencm3//lib\libopencm3_stm32l4.a(vector.o)
 .group         0x00000000        0xc ../../../../../libopencm3//lib\libopencm3_stm32l4.a(vector.o)
 .group         0x00000000        0xc ../../../../../libopencm3//lib\libopencm3_stm32l4.a(vector.o)
 .group         0x00000000        0xc ../../../../../libopencm3//lib\libopencm3_stm32l4.a(vector.o)
 .group         0x00000000        0xc ../../../../../libopencm3//lib\libopencm3_stm32l4.a(vector.o)
 .group         0x00000000        0xc ../../../../../libopencm3//lib\libopencm3_stm32l4.a(vector.o)
 .group         0x00000000        0xc ../../../../../libopencm3//lib\libopencm3_stm32l4.a(vector.o)
 .group         0x00000000        0xc ../../../../../libopencm3//lib\libopencm3_stm32l4.a(vector.o)
 .group         0x00000000        0xc ../../../../../libopencm3//lib\libopencm3_stm32l4.a(vector.o)
 .group         0x00000000        0xc ../../../../../libopencm3//lib\libopencm3_stm32l4.a(vector.o)
 .group         0x00000000        0xc ../../../../../libopencm3//lib\libopencm3_stm32l4.a(vector.o)
 .group         0x00000000        0xc ../../../../../libopencm3//lib\libopencm3_stm32l4.a(vector.o)
 .text          0x00000000        0x0 ../../../../../libopencm3//lib\libopencm3_stm32l4.a(vector.o)
 .data          0x00000000        0x0 ../../../../../libopencm3//lib\libopencm3_stm32l4.a(vector.o)
 .bss           0x00000000        0x0 ../../../../../libopencm3//lib\libopencm3_stm32l4.a(vector.o)
 .debug_macro   0x00000000      0x103 ../../../../../libopencm3//lib\libopencm3_stm32l4.a(vector.o)
 .debug_macro   0x00000000       0x6a ../../../../../libopencm3//lib\libopencm3_stm32l4.a(vector.o)

Memory Configuration

Name             Origin             Length             Attributes
ram              0x20000000         0x00018000         xrw
rom              0x08000000         0x00100000         xr
ram2             0x10000000         0x00008000         xrw
*default*        0x00000000         0xffffffff

Linker script and memory map

LOAD basics.o
LOAD ../../../../../libopencm3//lib\libopencm3_stm32l4.a
START GROUP
LOAD C:/msys64/mingw64/bin/../lib/gcc/arm-none-eabi/13.3.0/../../../../arm-none-eabi/lib/thumb/v7e-m+fp/hard\libc.a
LOAD C:/msys64/mingw64/bin/../lib/gcc/arm-none-eabi/13.3.0/thumb/v7e-m+fp/hard\libgcc.a
LOAD C:/msys64/mingw64/bin/../lib/gcc/arm-none-eabi/13.3.0/../../../../arm-none-eabi/lib/thumb/v7e-m+fp/hard\libnosys.a
END GROUP
START GROUP
LOAD C:/msys64/mingw64/bin/../lib/gcc/arm-none-eabi/13.3.0/thumb/v7e-m+fp/hard\libgcc.a
LOAD C:/msys64/mingw64/bin/../lib/gcc/arm-none-eabi/13.3.0/../../../../arm-none-eabi/lib/thumb/v7e-m+fp/hard\libg.a
LOAD C:/msys64/mingw64/bin/../lib/gcc/arm-none-eabi/13.3.0/../../../../arm-none-eabi/lib/thumb/v7e-m+fp/hard\libc.a
END GROUP

.text           0x08000000      0x28c
 *(.vectors)
 .vectors       0x08000000      0x1ac ../../../../../libopencm3//lib\libopencm3_stm32l4.a(vector.o)
                0x08000000                vector_table
 *(.text*)
 .text.startup.main
                0x080001ac       0x3c basics.o
                0x080001ac                main
 .text.blocking_handler
                0x080001e8        0x2 ../../../../../libopencm3//lib\libopencm3_stm32l4.a(vector.o)
                0x080001e8                i2c4_ev_isr
                0x080001e8                usart3_isr
                0x080001e8                swpmi1_isr
                0x080001e8                tim7_isr
                0x080001e8                dma2d_isr
                0x080001e8                rng_isr
                0x080001e8                adc1_2_isr
                0x080001e8                i2c4_er_isr
                0x080001e8                blocking_handler
                0x080001e8                tsc_isr
                0x080001e8                tim5_isr
                0x080001e8                rtc_wkup_isr
                0x080001e8                otg_fs_isr
                0x080001e8                tim1_up_tim16_isr
                0x080001e8                spi1_isr
                0x080001e8                i2c3_er_isr
                0x080001e8                dma2_channel7_isr
                0x080001e8                exti2_isr
                0x080001e8                dma1_channel6_isr
                0x080001e8                dma1_channel5_isr
                0x080001e8                dma2_channel5_isr
                0x080001e8                tamp_stamp_isr
                0x080001e8                fmc_isr
                0x080001e8                can1_rx1_isr
                0x080001e8                usart1_isr
                0x080001e8                i2c3_ev_isr
                0x080001e8                usage_fault_handler
                0x080001e8                tim8_trg_com_isr
                0x080001e8                can2_rx0_isr
                0x080001e8                tim1_trg_com_tim17_isr
                0x080001e8                can2_rx1_isr
                0x080001e8                can1_sce_isr
                0x080001e8                tim1_cc_isr
                0x080001e8                can1_tx_isr
                0x080001e8                dma1_channel4_isr
                0x080001e8                tim8_brk_isr
                0x080001e8                dma2_channel4_isr
                0x080001e8                lptim1_isr
                0x080001e8                lpuart1_isr
                0x080001e8                can1_rx0_isr
                0x080001e8                rcc_isr
                0x080001e8                flash_isr
                0x080001e8                uart4_isr
                0x080001e8                rtc_alarm_isr
                0x080001e8                exti15_10_isr
                0x080001e8                hard_fault_handler
                0x080001e8                exti1_isr
                0x080001e8                i2c1_ev_isr
                0x080001e8                dma2_channel1_isr
                0x080001e8                dfsdm2_isr
                0x080001e8                spi2_isr
                0x080001e8                aes_isr
                0x080001e8                tim8_up_isr
                0x080001e8                tim6_dacunder_isr
                0x080001e8                dma2_channel6_isr
                0x080001e8                dma2_channel2_isr
                0x080001e8                exti3_isr
                0x080001e8                adc3_isr
                0x080001e8                tim3_isr
                0x080001e8                usart2_isr
                0x080001e8                sai1_isr
                0x080001e8                fpu_isr
                0x080001e8                i2c2_er_isr
                0x080001e8                i2c2_ev_isr
                0x080001e8                uart5_isr
                0x080001e8                dma1_channel1_isr
                0x080001e8                exti4_isr
                0x080001e8                dfsdm3_isr
                0x080001e8                comp_isr
                0x080001e8                mem_manage_handler
                0x080001e8                can2_tx_isr
                0x080001e8                lptim2_isr
                0x080001e8                lcd_isr
                0x080001e8                exti9_5_isr
                0x080001e8                dma2_channel3_isr
                0x080001e8                dfsdm1_isr
                0x080001e8                dma1_channel7_isr
                0x080001e8                pvd_pvm_isr
                0x080001e8                can2_sce_isr
                0x080001e8                tim4_isr
                0x080001e8                sai2_isr
                0x080001e8                dma1_channel2_isr
                0x080001e8                i2c1_er_isr
                0x080001e8                tim8_cc_isr
                0x080001e8                dcmi_isr
                0x080001e8                hash_crs_isr
                0x080001e8                bus_fault_handler
                0x080001e8                wwdg_isr
                0x080001e8                tim1_brk_tim15_isr
                0x080001e8                dma1_channel3_isr
                0x080001e8                sdmmc1_isr
                0x080001e8                spi3_isr
                0x080001e8                quadspi_isr
                0x080001e8                dfsdm0_isr
                0x080001e8                tim2_isr
                0x080001e8                exti0_isr
 .text.null_handler
                0x080001ea        0x2 ../../../../../libopencm3//lib\libopencm3_stm32l4.a(vector.o)
                0x080001ea                sv_call_handler
                0x080001ea                pend_sv_handler
                0x080001ea                debug_monitor_handler
                0x080001ea                sys_tick_handler
                0x080001ea                nmi_handler
                0x080001ea                null_handler
 .text.reset_handler
                0x080001ec       0xa0 ../../../../../libopencm3//lib\libopencm3_stm32l4.a(vector.o)
                0x080001ec                reset_handler
                0x0800028c                        . = ALIGN (0x4)
 *(.rodata*)
                0x0800028c                        . = ALIGN (0x4)

.glue_7         0x0800028c        0x0
 .glue_7        0x0800028c        0x0 linker stubs

.glue_7t        0x0800028c        0x0
 .glue_7t       0x0800028c        0x0 linker stubs

.vfp11_veneer   0x0800028c        0x0
 .vfp11_veneer  0x0800028c        0x0 linker stubs

.v4_bx          0x0800028c        0x0
 .v4_bx         0x0800028c        0x0 linker stubs

.iplt           0x0800028c        0x0
 .iplt          0x0800028c        0x0 ../../../../../libopencm3//lib\libopencm3_stm32l4.a(vector.o)

.rel.dyn        0x0800028c        0x0
 .rel.iplt      0x0800028c        0x0 ../../../../../libopencm3//lib\libopencm3_stm32l4.a(vector.o)

.preinit_array  0x0800028c        0x0
                0x0800028c                        . = ALIGN (0x4)
                0x0800028c                        __preinit_array_start = .
 *(.preinit_array)
                0x0800028c                        __preinit_array_end = .

.init_array     0x0800028c        0x0
                0x0800028c                        . = ALIGN (0x4)
                0x0800028c                        __init_array_start = .
 *(SORT_BY_NAME(.init_array.*))
 *(.init_array)
                0x0800028c                        __init_array_end = .

.fini_array     0x0800028c        0x0
                0x0800028c                        . = ALIGN (0x4)
                0x0800028c                        __fini_array_start = .
 *(.fini_array)
 *(SORT_BY_NAME(.fini_array.*))
                0x0800028c                        __fini_array_end = .

.ARM.extab
 *(.ARM.extab*)

.ARM.exidx      0x0800028c        0x0
                0x0800028c                        __exidx_start = .
 *(.ARM.exidx*)
                0x0800028c                        __exidx_end = .
                0x0800028c                        . = ALIGN (0x4)
                0x0800028c                        _etext = .

.noinit
 *(.noinit*)
                0x0800028c                        . = ALIGN (0x4)

.data           0x20000000        0x0 load address 0x0800028c
                0x20000000                        _data = .
 *(.data*)
 *(.ramtext*)
                0x20000000                        . = ALIGN (0x4)
                0x20000000                        _edata = .
                0x0800028c                        _data_loadaddr = LOADADDR (.data)

.igot.plt       0x20000000        0x0 load address 0x0800028c
 .igot.plt      0x20000000        0x0 ../../../../../libopencm3//lib\libopencm3_stm32l4.a(vector.o)

.bss            0x20000000        0x0 load address 0x0800028c
 *(.bss*)
 *(COMMON)
                0x20000000                        . = ALIGN (0x4)
                0x20000000                        _ebss = .

.ram2           0x10000000        0x0
                0x10000000                        _ram2 = .
 *(.ram2*)
                0x10000000                        . = ALIGN (0x4)
                0x10000000                        _eram2 = .

/DISCARD/
 *(.eh_frame)
                0x10000000                        . = ALIGN (0x4)
                0x10000000                        end = .
                0x20018000                        PROVIDE (_stack = (ORIGIN (ram) + LENGTH (ram)))
OUTPUT(basics.elf elf32-littlearm)
LOAD linker stubs

.debug_info     0x00000000      0x635
 .debug_info    0x00000000      0x35c basics.o
 .debug_info    0x0000035c      0x2d9 ../../../../../libopencm3//lib\libopencm3_stm32l4.a(vector.o)

.debug_abbrev   0x00000000      0x247
 .debug_abbrev  0x00000000       0xe8 basics.o
 .debug_abbrev  0x000000e8      0x15f ../../../../../libopencm3//lib\libopencm3_stm32l4.a(vector.o)

.debug_loclists
                0x00000000       0xf7
 .debug_loclists
                0x00000000       0x41 basics.o
 .debug_loclists
                0x00000041       0xb6 ../../../../../libopencm3//lib\libopencm3_stm32l4.a(vector.o)

.debug_aranges  0x00000000       0x50
 .debug_aranges
                0x00000000       0x20 basics.o
 .debug_aranges
                0x00000020       0x30 ../../../../../libopencm3//lib\libopencm3_stm32l4.a(vector.o)

.debug_rnglists
                0x00000000       0x3f
 .debug_rnglists
                0x00000000       0x1f basics.o
 .debug_rnglists
                0x0000001f       0x20 ../../../../../libopencm3//lib\libopencm3_stm32l4.a(vector.o)

.debug_macro    0x00000000    0x1eb1a
 .debug_macro   0x00000000      0x1db basics.o
 .debug_macro   0x000001db      0xad2 basics.o
 .debug_macro   0x00000cad       0x10 basics.o
 .debug_macro   0x00000cbd       0x22 basics.o
 .debug_macro   0x00000cdf       0x75 basics.o
 .debug_macro   0x00000d54       0x2a basics.o
 .debug_macro   0x00000d7e       0x5c basics.o
 .debug_macro   0x00000dda       0x3c basics.o
 .debug_macro   0x00000e16       0x34 basics.o
 .debug_macro   0x00000e4a      0x189 basics.o
 .debug_macro   0x00000fd3       0x73 basics.o
 .debug_macro   0x00001046      0x38c basics.o
 .debug_macro   0x000013d2       0x16 basics.o
 .debug_macro   0x000013e8       0x4a basics.o
 .debug_macro   0x00001432       0x34 basics.o
 .debug_macro   0x00001466       0x10 basics.o
 .debug_macro   0x00001476       0x58 basics.o
 .debug_macro   0x000014ce      0x1e5 basics.o
 .debug_macro   0x000016b3      0x23c basics.o
 .debug_macro   0x000018ef       0x16 basics.o
 .debug_macro   0x00001905       0x3c basics.o
 .debug_macro   0x00001941       0x10 basics.o
 .debug_macro   0x00001951       0x16 basics.o
 .debug_macro   0x00001967       0x16 basics.o
 .debug_macro   0x0000197d      0x12a basics.o
 .debug_macro   0x00001aa7       0x16 basics.o
 .debug_macro   0x00001abd       0x10 basics.o
 .debug_macro   0x00001acd       0x6a basics.o
 .debug_macro   0x00001b37       0x9e basics.o
 .debug_macro   0x00001bd5      0x4fe basics.o
 .debug_macro   0x000020d3       0x28 basics.o
 .debug_macro   0x000020fb      0x103 basics.o
 .debug_macro   0x000021fe      0x1d0 basics.o
 .debug_macro   0x000023ce       0x35 basics.o
 .debug_macro   0x00002403       0x50 basics.o
 .debug_macro   0x00002453      0xe66 basics.o
 .debug_macro   0x000032b9    0x1a192 basics.o
 .debug_macro   0x0001d44b       0xd3 ../../../../../libopencm3//lib\libopencm3_stm32l4.a(vector.o)
 .debug_macro   0x0001d51e      0xacc ../../../../../libopencm3//lib\libopencm3_stm32l4.a(vector.o)
 .debug_macro   0x0001dfea       0x76 ../../../../../libopencm3//lib\libopencm3_stm32l4.a(vector.o)
 .debug_macro   0x0001e060       0x1c ../../../../../libopencm3//lib\libopencm3_stm32l4.a(vector.o)
 .debug_macro   0x0001e07c       0x22 ../../../../../libopencm3//lib\libopencm3_stm32l4.a(vector.o)
 .debug_macro   0x0001e09e       0x56 ../../../../../libopencm3//lib\libopencm3_stm32l4.a(vector.o)
 .debug_macro   0x0001e0f4       0x51 ../../../../../libopencm3//lib\libopencm3_stm32l4.a(vector.o)
 .debug_macro   0x0001e145      0x1df ../../../../../libopencm3//lib\libopencm3_stm32l4.a(vector.o)
 .debug_macro   0x0001e324       0x22 ../../../../../libopencm3//lib\libopencm3_stm32l4.a(vector.o)
 .debug_macro   0x0001e346       0xe8 ../../../../../libopencm3//lib\libopencm3_stm32l4.a(vector.o)
 .debug_macro   0x0001e42e      0x452 ../../../../../libopencm3//lib\libopencm3_stm32l4.a(vector.o)
 .debug_macro   0x0001e880       0x6e ../../../../../libopencm3//lib\libopencm3_stm32l4.a(vector.o)
 .debug_macro   0x0001e8ee      0x22c ../../../../../libopencm3//lib\libopencm3_stm32l4.a(vector.o)

.debug_line     0x00000000      0x6f9
 .debug_line    0x00000000      0x331 basics.o
 .debug_line    0x00000331      0x3c8 ../../../../../libopencm3//lib\libopencm3_stm32l4.a(vector.o)

.debug_str      0x00000000    0xa4378
 .debug_str     0x00000000    0xa4378 basics.o
                              0xa1310 (size before relaxing)
 .debug_str     0x000a4378        0x0 ../../../../../libopencm3//lib\libopencm3_stm32l4.a(vector.o)
                               0x6f47 (size before relaxing)

.comment        0x00000000       0x12
 .comment       0x00000000       0x12 basics.o
                                 0x13 (size before relaxing)
 .comment       0x00000012        0x0 ../../../../../libopencm3//lib\libopencm3_stm32l4.a(vector.o)
                                 0x13 (size before relaxing)

.ARM.attributes
                0x00000000       0x34
 .ARM.attributes
                0x00000000       0x34 basics.o
 .ARM.attributes
                0x00000034       0x34 ../../../../../libopencm3//lib\libopencm3_stm32l4.a(vector.o)

.debug_frame    0x00000000       0x6c
 .debug_frame   0x00000000       0x20 basics.o
 .debug_frame   0x00000020       0x4c ../../../../../libopencm3//lib\libopencm3_stm32l4.a(vector.o)

Cross Reference Table

Symbol                                            File
__fini_array_end                                  ../../../../../libopencm3//lib\libopencm3_stm32l4.a(vector.o)
__fini_array_start                                ../../../../../libopencm3//lib\libopencm3_stm32l4.a(vector.o)
__init_array_end                                  ../../../../../libopencm3//lib\libopencm3_stm32l4.a(vector.o)
__init_array_start                                ../../../../../libopencm3//lib\libopencm3_stm32l4.a(vector.o)
__preinit_array_end                               ../../../../../libopencm3//lib\libopencm3_stm32l4.a(vector.o)
__preinit_array_start                             ../../../../../libopencm3//lib\libopencm3_stm32l4.a(vector.o)
_data                                             ../../../../../libopencm3//lib\libopencm3_stm32l4.a(vector.o)
_data_loadaddr                                    ../../../../../libopencm3//lib\libopencm3_stm32l4.a(vector.o)
_ebss                                             ../../../../../libopencm3//lib\libopencm3_stm32l4.a(vector.o)
_edata                                            ../../../../../libopencm3//lib\libopencm3_stm32l4.a(vector.o)
_stack                                            ../../../../../libopencm3//lib\libopencm3_stm32l4.a(vector.o)
adc1_2_isr                                        ../../../../../libopencm3//lib\libopencm3_stm32l4.a(vector.o)
adc3_isr                                          ../../../../../libopencm3//lib\libopencm3_stm32l4.a(vector.o)
aes_isr                                           ../../../../../libopencm3//lib\libopencm3_stm32l4.a(vector.o)
blocking_handler                                  ../../../../../libopencm3//lib\libopencm3_stm32l4.a(vector.o)
bus_fault_handler                                 ../../../../../libopencm3//lib\libopencm3_stm32l4.a(vector.o)
can1_rx0_isr                                      ../../../../../libopencm3//lib\libopencm3_stm32l4.a(vector.o)
can1_rx1_isr                                      ../../../../../libopencm3//lib\libopencm3_stm32l4.a(vector.o)
can1_sce_isr                                      ../../../../../libopencm3//lib\libopencm3_stm32l4.a(vector.o)
can1_tx_isr                                       ../../../../../libopencm3//lib\libopencm3_stm32l4.a(vector.o)
can2_rx0_isr                                      ../../../../../libopencm3//lib\libopencm3_stm32l4.a(vector.o)
can2_rx1_isr                                      ../../../../../libopencm3//lib\libopencm3_stm32l4.a(vector.o)
can2_sce_isr                                      ../../../../../libopencm3//lib\libopencm3_stm32l4.a(vector.o)
can2_tx_isr                                       ../../../../../libopencm3//lib\libopencm3_stm32l4.a(vector.o)
comp_isr                                          ../../../../../libopencm3//lib\libopencm3_stm32l4.a(vector.o)
dcmi_isr                                          ../../../../../libopencm3//lib\libopencm3_stm32l4.a(vector.o)
debug_monitor_handler                             ../../../../../libopencm3//lib\libopencm3_stm32l4.a(vector.o)
dfsdm0_isr                                        ../../../../../libopencm3//lib\libopencm3_stm32l4.a(vector.o)
dfsdm1_isr                                        ../../../../../libopencm3//lib\libopencm3_stm32l4.a(vector.o)
dfsdm2_isr                                        ../../../../../libopencm3//lib\libopencm3_stm32l4.a(vector.o)
dfsdm3_isr                                        ../../../../../libopencm3//lib\libopencm3_stm32l4.a(vector.o)
dma1_channel1_isr                                 ../../../../../libopencm3//lib\libopencm3_stm32l4.a(vector.o)
dma1_channel2_isr                                 ../../../../../libopencm3//lib\libopencm3_stm32l4.a(vector.o)
dma1_channel3_isr                                 ../../../../../libopencm3//lib\libopencm3_stm32l4.a(vector.o)
dma1_channel4_isr                                 ../../../../../libopencm3//lib\libopencm3_stm32l4.a(vector.o)
dma1_channel5_isr                                 ../../../../../libopencm3//lib\libopencm3_stm32l4.a(vector.o)
dma1_channel6_isr                                 ../../../../../libopencm3//lib\libopencm3_stm32l4.a(vector.o)
dma1_channel7_isr                                 ../../../../../libopencm3//lib\libopencm3_stm32l4.a(vector.o)
dma2_channel1_isr                                 ../../../../../libopencm3//lib\libopencm3_stm32l4.a(vector.o)
dma2_channel2_isr                                 ../../../../../libopencm3//lib\libopencm3_stm32l4.a(vector.o)
dma2_channel3_isr                                 ../../../../../libopencm3//lib\libopencm3_stm32l4.a(vector.o)
dma2_channel4_isr                                 ../../../../../libopencm3//lib\libopencm3_stm32l4.a(vector.o)
dma2_channel5_isr                                 ../../../../../libopencm3//lib\libopencm3_stm32l4.a(vector.o)
dma2_channel6_isr                                 ../../../../../libopencm3//lib\libopencm3_stm32l4.a(vector.o)
dma2_channel7_isr                                 ../../../../../libopencm3//lib\libopencm3_stm32l4.a(vector.o)
dma2d_isr                                         ../../../../../libopencm3//lib\libopencm3_stm32l4.a(vector.o)
exti0_isr                                         ../../../../../libopencm3//lib\libopencm3_stm32l4.a(vector.o)
exti15_10_isr                                     ../../../../../libopencm3//lib\libopencm3_stm32l4.a(vector.o)
exti1_isr                                         ../../../../../libopencm3//lib\libopencm3_stm32l4.a(vector.o)
exti2_isr                                         ../../../../../libopencm3//lib\libopencm3_stm32l4.a(vector.o)
exti3_isr                                         ../../../../../libopencm3//lib\libopencm3_stm32l4.a(vector.o)
exti4_isr                                         ../../../../../libopencm3//lib\libopencm3_stm32l4.a(vector.o)
exti9_5_isr                                       ../../../../../libopencm3//lib\libopencm3_stm32l4.a(vector.o)
flash_isr                                         ../../../../../libopencm3//lib\libopencm3_stm32l4.a(vector.o)
fmc_isr                                           ../../../../../libopencm3//lib\libopencm3_stm32l4.a(vector.o)
fpu_isr                                           ../../../../../libopencm3//lib\libopencm3_stm32l4.a(vector.o)
hard_fault_handler                                ../../../../../libopencm3//lib\libopencm3_stm32l4.a(vector.o)
hash_crs_isr                                      ../../../../../libopencm3//lib\libopencm3_stm32l4.a(vector.o)
i2c1_er_isr                                       ../../../../../libopencm3//lib\libopencm3_stm32l4.a(vector.o)
i2c1_ev_isr                                       ../../../../../libopencm3//lib\libopencm3_stm32l4.a(vector.o)
i2c2_er_isr                                       ../../../../../libopencm3//lib\libopencm3_stm32l4.a(vector.o)
i2c2_ev_isr                                       ../../../../../libopencm3//lib\libopencm3_stm32l4.a(vector.o)
i2c3_er_isr                                       ../../../../../libopencm3//lib\libopencm3_stm32l4.a(vector.o)
i2c3_ev_isr                                       ../../../../../libopencm3//lib\libopencm3_stm32l4.a(vector.o)
i2c4_er_isr                                       ../../../../../libopencm3//lib\libopencm3_stm32l4.a(vector.o)
i2c4_ev_isr                                       ../../../../../libopencm3//lib\libopencm3_stm32l4.a(vector.o)
lcd_isr                                           ../../../../../libopencm3//lib\libopencm3_stm32l4.a(vector.o)
lptim1_isr                                        ../../../../../libopencm3//lib\libopencm3_stm32l4.a(vector.o)
lptim2_isr                                        ../../../../../libopencm3//lib\libopencm3_stm32l4.a(vector.o)
lpuart1_isr                                       ../../../../../libopencm3//lib\libopencm3_stm32l4.a(vector.o)
main                                              basics.o
                                                  ../../../../../libopencm3//lib\libopencm3_stm32l4.a(vector.o)
mem_manage_handler                                ../../../../../libopencm3//lib\libopencm3_stm32l4.a(vector.o)
nmi_handler                                       ../../../../../libopencm3//lib\libopencm3_stm32l4.a(vector.o)
null_handler                                      ../../../../../libopencm3//lib\libopencm3_stm32l4.a(vector.o)
otg_fs_isr                                        ../../../../../libopencm3//lib\libopencm3_stm32l4.a(vector.o)
pend_sv_handler                                   ../../../../../libopencm3//lib\libopencm3_stm32l4.a(vector.o)
pvd_pvm_isr                                       ../../../../../libopencm3//lib\libopencm3_stm32l4.a(vector.o)
quadspi_isr                                       ../../../../../libopencm3//lib\libopencm3_stm32l4.a(vector.o)
rcc_isr                                           ../../../../../libopencm3//lib\libopencm3_stm32l4.a(vector.o)
reset_handler                                     ../../../../../libopencm3//lib\libopencm3_stm32l4.a(vector.o)
rng_isr                                           ../../../../../libopencm3//lib\libopencm3_stm32l4.a(vector.o)
rtc_alarm_isr                                     ../../../../../libopencm3//lib\libopencm3_stm32l4.a(vector.o)
rtc_wkup_isr                                      ../../../../../libopencm3//lib\libopencm3_stm32l4.a(vector.o)
sai1_isr                                          ../../../../../libopencm3//lib\libopencm3_stm32l4.a(vector.o)
sai2_isr                                          ../../../../../libopencm3//lib\libopencm3_stm32l4.a(vector.o)
sdmmc1_isr                                        ../../../../../libopencm3//lib\libopencm3_stm32l4.a(vector.o)
spi1_isr                                          ../../../../../libopencm3//lib\libopencm3_stm32l4.a(vector.o)
spi2_isr                                          ../../../../../libopencm3//lib\libopencm3_stm32l4.a(vector.o)
spi3_isr                                          ../../../../../libopencm3//lib\libopencm3_stm32l4.a(vector.o)
sv_call_handler                                   ../../../../../libopencm3//lib\libopencm3_stm32l4.a(vector.o)
swpmi1_isr                                        ../../../../../libopencm3//lib\libopencm3_stm32l4.a(vector.o)
sys_tick_handler                                  ../../../../../libopencm3//lib\libopencm3_stm32l4.a(vector.o)
tamp_stamp_isr                                    ../../../../../libopencm3//lib\libopencm3_stm32l4.a(vector.o)
tim1_brk_tim15_isr                                ../../../../../libopencm3//lib\libopencm3_stm32l4.a(vector.o)
tim1_cc_isr                                       ../../../../../libopencm3//lib\libopencm3_stm32l4.a(vector.o)
tim1_trg_com_tim17_isr                            ../../../../../libopencm3//lib\libopencm3_stm32l4.a(vector.o)
tim1_up_tim16_isr                                 ../../../../../libopencm3//lib\libopencm3_stm32l4.a(vector.o)
tim2_isr                                          ../../../../../libopencm3//lib\libopencm3_stm32l4.a(vector.o)
tim3_isr                                          ../../../../../libopencm3//lib\libopencm3_stm32l4.a(vector.o)
tim4_isr                                          ../../../../../libopencm3//lib\libopencm3_stm32l4.a(vector.o)
tim5_isr                                          ../../../../../libopencm3//lib\libopencm3_stm32l4.a(vector.o)
tim6_dacunder_isr                                 ../../../../../libopencm3//lib\libopencm3_stm32l4.a(vector.o)
tim7_isr                                          ../../../../../libopencm3//lib\libopencm3_stm32l4.a(vector.o)
tim8_brk_isr                                      ../../../../../libopencm3//lib\libopencm3_stm32l4.a(vector.o)
tim8_cc_isr                                       ../../../../../libopencm3//lib\libopencm3_stm32l4.a(vector.o)
tim8_trg_com_isr                                  ../../../../../libopencm3//lib\libopencm3_stm32l4.a(vector.o)
tim8_up_isr                                       ../../../../../libopencm3//lib\libopencm3_stm32l4.a(vector.o)
tsc_isr                                           ../../../../../libopencm3//lib\libopencm3_stm32l4.a(vector.o)
uart4_isr                                         ../../../../../libopencm3//lib\libopencm3_stm32l4.a(vector.o)
uart5_isr                                         ../../../../../libopencm3//lib\libopencm3_stm32l4.a(vector.o)
usage_fault_handler                               ../../../../../libopencm3//lib\libopencm3_stm32l4.a(vector.o)
usart1_isr                                        ../../../../../libopencm3//lib\libopencm3_stm32l4.a(vector.o)
usart2_isr                                        ../../../../../libopencm3//lib\libopencm3_stm32l4.a(vector.o)
usart3_isr                                        ../../../../../libopencm3//lib\libopencm3_stm32l4.a(vector.o)
vector_table                                      ../../../../../libopencm3//lib\libopencm3_stm32l4.a(vector.o)
wwdg_isr                                          ../../../../../libopencm3//lib\libopencm3_stm32l4.a(vector.o)
